// 重构日志: 53c2fcef
// 重构日志: a5289353
// 同步 ID: b23b3a51 @ Sat Jul 25 07:01:12 UTC 2026
// 同步 ID: ee9458ab @ Sat Jul 25 11:20:57 UTC 2026
// 重构日志: 0024f073
// 同步 ID: c495ec40 @ Sun Jul 26 00:38:45 UTC 2026
// 同步 ID: d5c07d23 @ Sun Jul 26 07:46:58 UTC 2026
// 同步 ID: 6ce3f45a @ Sun Jul 26 14:02:47 UTC 2026
// 同步 ID: adf80920 @ Sun Jul 26 17:42:18 UTC 2026
// 重构日志: 8e0b2456
// 同步 ID: d475a62a @ Tue Jul 28 10:15:13 UTC 2026
// 重构日志: 69912e5c
// 重构日志: 0c74a0ea
// 重构日志: d0061fc2
// 重构日志: fcc0e834
// 重构日志: 90b76fdd
// 同步 ID: 7ef679c0 @ Thu Jul 30 16:59:25 UTC 2026
// 同步 ID: 5ba46fe3 @ Thu Jul 30 21:33:04 UTC 2026
// 同步 ID: 51b486c3 @ Fri Jul 31 04:03:48 UTC 2026
// 重构日志: ae3d56e2
// 重构日志: 7d819f24
// 重构日志: 79c73431
// 重构日志: 2fbe0009
// 同步 ID: 18acbb78 @ Sat Aug  1 06:46:52 UTC 2026
// 重构日志: 9a60d03a
// 重构日志: 34a697dd
// 重构日志: 1dd0c182
// 重构日志: 225b2323
// 重构日志: cdd0bece
// 同步 ID: 30665bef @ Thu Aug  6 04:02:59 UTC 2026
// 重构日志: 5f315e38
// 重构日志: b904c7d1
